[12:24:25][request] Request: GET /controllers/appointment/appointment_actions.php?appointment_id=10
[12:24:25][request] GET params: {"appointment_id":"10"}
[12:24:25][request] Raw POST data: 
[12:24:25][info] Cấu trúc bảng appointments: {"id":"int","user_id":"int","service_id":"int","doctor_user_id":"int","patient_name":"varchar(100)","appointment_date":"datetime","status":"enum('pending','confirmed','completed','canceled')","note":"text","created_at":"timestamp","has_prescription":"tinyint(1)"}
[12:24:25][info] Xử lý yêu cầu lấy chi tiết lịch hẹn ID: 10
[12:24:25][info] SQL query: SELECT a.* , u.name as doctor_name , s.name as service_name, s.price  FROM appointments a  LEFT JOIN users u ON a.user_id = u.id  LEFT JOIN services s ON a.service_id = s.id  WHERE a.id = :appointment_id LIMIT 1
[12:24:25][info] Lấy dữ liệu lịch hẹn thành công: {"id":10,"user_id":22,"service_id":1,"doctor_user_id":5,"patient_name":"Nguy\u1ec5n Gia B\u1ea3o","appointment_date":"2025-06-04 12:18:57","status":"pending","note":"B\u00e1c s\u0129: Nguy\u1ec5n \u0110\u1ee9c Gia  (ID: 5)\nT\u00ean: Nguy\u1ec5n Gia B\u1ea3o\nGi\u1edbi t\u00ednh: Nam\n\u0110i\u1ec7n tho\u1ea1i: 0834571574\nEmail: user3@gmail.com\nN\u0103m sinh: 2004\n\u0110\u1ecba ch\u1ec9: U ghe street, Qu\u1eadn 1, TP. H\u1ed3 Ch\u00ed Minh\nL\u00fd do kh\u00e1m: \u0110au l\u01b0ng, \u0111au nh\u1ee9c c\u1ed5 vai g\u00e1y\n","created_at":"2025-06-04 19:18:57","has_prescription":0,"doctor_name":"user3","service_name":"Kh\u00e1m t\u1ed5ng qu\u00e1t","price":"500000.00","formatted_date":"04\/06\/2025"}
[12:25:06][request] Request: GET /controllers/appointment/appointment_actions.php?appointment_id=10
[12:25:06][request] GET params: {"appointment_id":"10"}
[12:25:06][request] Raw POST data: 
[12:25:06][info] Cấu trúc bảng appointments: {"id":"int","user_id":"int","service_id":"int","doctor_user_id":"int","patient_name":"varchar(100)","appointment_date":"datetime","status":"enum('pending','confirmed','completed','canceled')","note":"text","created_at":"timestamp","has_prescription":"tinyint(1)"}
[12:25:06][info] Xử lý yêu cầu lấy chi tiết lịch hẹn ID: 10
[12:25:06][info] SQL query: SELECT a.* , u.name as doctor_name , s.name as service_name, s.price  FROM appointments a  LEFT JOIN users u ON a.user_id = u.id  LEFT JOIN services s ON a.service_id = s.id  WHERE a.id = :appointment_id LIMIT 1
[12:25:06][info] Lấy dữ liệu lịch hẹn thành công: {"id":10,"user_id":22,"service_id":1,"doctor_user_id":5,"patient_name":"Nguy\u1ec5n Gia B\u1ea3o","appointment_date":"2025-06-04 12:18:57","status":"pending","note":"B\u00e1c s\u0129: Nguy\u1ec5n \u0110\u1ee9c Gia  (ID: 5)\nT\u00ean: Nguy\u1ec5n Gia B\u1ea3o\nGi\u1edbi t\u00ednh: Nam\n\u0110i\u1ec7n tho\u1ea1i: 0834571574\nEmail: user3@gmail.com\nN\u0103m sinh: 2004\n\u0110\u1ecba ch\u1ec9: U ghe street, Qu\u1eadn 1, TP. H\u1ed3 Ch\u00ed Minh\nL\u00fd do kh\u00e1m: \u0110au l\u01b0ng, \u0111au nh\u1ee9c c\u1ed5 vai g\u00e1y\n","created_at":"2025-06-04 19:18:57","has_prescription":0,"doctor_name":"user3","service_name":"Kh\u00e1m t\u1ed5ng qu\u00e1t","price":"500000.00","formatted_date":"04\/06\/2025"}
[12:29:17][request] Request: GET /controllers/appointment/appointment_actions.php?appointment_id=9
[12:29:17][request] GET params: {"appointment_id":"9"}
[12:29:17][request] Raw POST data: 
[12:29:17][info] Cấu trúc bảng appointments: {"id":"int","user_id":"int","service_id":"int","doctor_user_id":"int","patient_name":"varchar(100)","appointment_date":"datetime","status":"enum('pending','confirmed','completed','canceled')","note":"text","created_at":"timestamp","has_prescription":"tinyint(1)"}
[12:29:17][info] Xử lý yêu cầu lấy chi tiết lịch hẹn ID: 9
[12:29:17][info] SQL query: SELECT a.* , u.name as doctor_name , s.name as service_name, s.price  FROM appointments a  LEFT JOIN users u ON a.user_id = u.id  LEFT JOIN services s ON a.service_id = s.id  WHERE a.id = :appointment_id LIMIT 1
[12:29:17][info] Lấy dữ liệu lịch hẹn thành công: {"id":9,"user_id":21,"service_id":1,"doctor_user_id":5,"patient_name":"Nguy\u1ec5n Gia B\u1ea3o","appointment_date":"2025-06-04 12:12:25","status":"pending","note":"B\u00e1c s\u0129: Nguy\u1ec5n \u0110\u1ee9c Gia  (ID: 5)\nT\u00ean: Nguy\u1ec5n Gia B\u1ea3o\nGi\u1edbi t\u00ednh: Nam\n\u0110i\u1ec7n tho\u1ea1i: 0834571574\nEmail: user2@gmail.com\nN\u0103m sinh: 2004\n\u0110\u1ecba ch\u1ec9: U ghe street, Qu\u1eadn 1, TP. H\u1ed3 Ch\u00ed Minh\nL\u00fd do kh\u00e1m: \u0110au L\u01b0ng, \u0111au nh\u1ee9c c\u1ed5 vai g\u00e1y\n","created_at":"2025-06-04 19:12:25","has_prescription":0,"doctor_name":"user2","service_name":"Kh\u00e1m t\u1ed5ng qu\u00e1t","price":"500000.00","formatted_date":"04\/06\/2025"}
[12:29:44][request] Request: GET /controllers/appointment/appointment_actions.php?appointment_id=10
[12:29:44][request] GET params: {"appointment_id":"10"}
[12:29:44][request] Raw POST data: 
[12:29:44][info] Cấu trúc bảng appointments: {"id":"int","user_id":"int","service_id":"int","doctor_user_id":"int","patient_name":"varchar(100)","appointment_date":"datetime","status":"enum('pending','confirmed','completed','canceled')","note":"text","created_at":"timestamp","has_prescription":"tinyint(1)"}
[12:29:44][info] Xử lý yêu cầu lấy chi tiết lịch hẹn ID: 10
[12:29:44][info] SQL query: SELECT a.* , u.name as doctor_name , s.name as service_name, s.price  FROM appointments a  LEFT JOIN users u ON a.user_id = u.id  LEFT JOIN services s ON a.service_id = s.id  WHERE a.id = :appointment_id LIMIT 1
[12:29:44][info] Lấy dữ liệu lịch hẹn thành công: {"id":10,"user_id":22,"service_id":1,"doctor_user_id":5,"patient_name":"Nguy\u1ec5n Gia B\u1ea3o","appointment_date":"2025-06-04 12:18:57","status":"confirmed","note":"B\u00e1c s\u0129: Nguy\u1ec5n \u0110\u1ee9c Gia  (ID: 5)\nT\u00ean: Nguy\u1ec5n Gia B\u1ea3o\nGi\u1edbi t\u00ednh: Nam\n\u0110i\u1ec7n tho\u1ea1i: 0834571574\nEmail: user3@gmail.com\nN\u0103m sinh: 2004\n\u0110\u1ecba ch\u1ec9: U ghe street, Qu\u1eadn 1, TP. H\u1ed3 Ch\u00ed Minh\nL\u00fd do kh\u00e1m: \u0110au l\u01b0ng, \u0111au nh\u1ee9c c\u1ed5 vai g\u00e1y\n","created_at":"2025-06-04 19:18:57","has_prescription":0,"doctor_name":"user3","service_name":"Kh\u00e1m t\u1ed5ng qu\u00e1t","price":"500000.00","formatted_date":"04\/06\/2025"}
[12:29:53][request] Request: GET /controllers/appointment/appointment_actions.php?appointment_id=10
[12:29:53][request] GET params: {"appointment_id":"10"}
[12:29:53][request] Raw POST data: 
[12:29:53][info] Cấu trúc bảng appointments: {"id":"int","user_id":"int","service_id":"int","doctor_user_id":"int","patient_name":"varchar(100)","appointment_date":"datetime","status":"enum('pending','confirmed','completed','canceled')","note":"text","created_at":"timestamp","has_prescription":"tinyint(1)"}
[12:29:53][info] Xử lý yêu cầu lấy chi tiết lịch hẹn ID: 10
[12:29:53][info] SQL query: SELECT a.* , u.name as doctor_name , s.name as service_name, s.price  FROM appointments a  LEFT JOIN users u ON a.user_id = u.id  LEFT JOIN services s ON a.service_id = s.id  WHERE a.id = :appointment_id LIMIT 1
[12:29:53][info] Lấy dữ liệu lịch hẹn thành công: {"id":10,"user_id":22,"service_id":1,"doctor_user_id":5,"patient_name":"Nguy\u1ec5n Gia B\u1ea3o","appointment_date":"2025-06-04 12:18:57","status":"confirmed","note":"B\u00e1c s\u0129: Nguy\u1ec5n \u0110\u1ee9c Gia  (ID: 5)\nT\u00ean: Nguy\u1ec5n Gia B\u1ea3o\nGi\u1edbi t\u00ednh: Nam\n\u0110i\u1ec7n tho\u1ea1i: 0834571574\nEmail: user3@gmail.com\nN\u0103m sinh: 2004\n\u0110\u1ecba ch\u1ec9: U ghe street, Qu\u1eadn 1, TP. H\u1ed3 Ch\u00ed Minh\nL\u00fd do kh\u00e1m: \u0110au l\u01b0ng, \u0111au nh\u1ee9c c\u1ed5 vai g\u00e1y\n","created_at":"2025-06-04 19:18:57","has_prescription":0,"doctor_name":"user3","service_name":"Kh\u00e1m t\u1ed5ng qu\u00e1t","price":"500000.00","formatted_date":"04\/06\/2025"}
[12:30:03][request] Request: GET /controllers/appointment/appointment_actions.php?appointment_id=10
[12:30:03][request] GET params: {"appointment_id":"10"}
[12:30:03][request] Raw POST data: 
[12:30:03][info] Cấu trúc bảng appointments: {"id":"int","user_id":"int","service_id":"int","doctor_user_id":"int","patient_name":"varchar(100)","appointment_date":"datetime","status":"enum('pending','confirmed','completed','canceled')","note":"text","created_at":"timestamp","has_prescription":"tinyint(1)"}
[12:30:03][info] Xử lý yêu cầu lấy chi tiết lịch hẹn ID: 10
[12:30:03][info] SQL query: SELECT a.* , u.name as doctor_name , s.name as service_name, s.price  FROM appointments a  LEFT JOIN users u ON a.user_id = u.id  LEFT JOIN services s ON a.service_id = s.id  WHERE a.id = :appointment_id LIMIT 1
[12:30:03][info] Lấy dữ liệu lịch hẹn thành công: {"id":10,"user_id":22,"service_id":1,"doctor_user_id":5,"patient_name":"Nguy\u1ec5n Gia B\u1ea3o","appointment_date":"2025-06-04 12:18:57","status":"canceled","note":"B\u00e1c s\u0129: Nguy\u1ec5n \u0110\u1ee9c Gia  (ID: 5)\nT\u00ean: Nguy\u1ec5n Gia B\u1ea3o\nGi\u1edbi t\u00ednh: Nam\n\u0110i\u1ec7n tho\u1ea1i: 0834571574\nEmail: user3@gmail.com\nN\u0103m sinh: 2004\n\u0110\u1ecba ch\u1ec9: U ghe street, Qu\u1eadn 1, TP. H\u1ed3 Ch\u00ed Minh\nL\u00fd do kh\u00e1m: \u0110au l\u01b0ng, \u0111au nh\u1ee9c c\u1ed5 vai g\u00e1y\n","created_at":"2025-06-04 19:18:57","has_prescription":0,"doctor_name":"user3","service_name":"Kh\u00e1m t\u1ed5ng qu\u00e1t","price":"500000.00","formatted_date":"04\/06\/2025"}
[12:35:55][request] Request: GET /controllers/appointment/appointment_actions.php?appointment_id=11
[12:35:55][request] GET params: {"appointment_id":"11"}
[12:35:55][request] Raw POST data: 
[12:35:55][info] Cấu trúc bảng appointments: {"id":"int","user_id":"int","service_id":"int","doctor_user_id":"int","patient_name":"varchar(100)","appointment_date":"datetime","status":"enum('pending','confirmed','completed','canceled')","note":"text","created_at":"timestamp","has_prescription":"tinyint(1)"}
[12:35:55][info] Xử lý yêu cầu lấy chi tiết lịch hẹn ID: 11
[12:35:55][info] SQL query: SELECT a.* , u.name as doctor_name , s.name as service_name, s.price  FROM appointments a  LEFT JOIN users u ON a.user_id = u.id  LEFT JOIN services s ON a.service_id = s.id  WHERE a.id = :appointment_id LIMIT 1
[12:35:55][info] Lấy dữ liệu lịch hẹn thành công: {"id":11,"user_id":22,"service_id":1,"doctor_user_id":5,"patient_name":"Nguy\u1ec5n Gia B\u1ea3o","appointment_date":"2025-06-04 12:35:09","status":"confirmed","note":"B\u00e1c s\u0129: Nguy\u1ec5n \u0110\u1ee9c Gia  (ID: 5)\nT\u00ean: Nguy\u1ec5n Gia B\u1ea3o\nGi\u1edbi t\u00ednh: Nam\n\u0110i\u1ec7n tho\u1ea1i: 0834571574\nEmail: user3@gmail.com\nN\u0103m sinh: 2004\n\u0110\u1ecba ch\u1ec9: U ghe street, Qu\u1eadn 1, TP. H\u1ed3 Ch\u00ed Minh\nL\u00fd do kh\u00e1m: \u0110au l\u01b0ng, \u0111au nh\u1ee9c c\u1ed5 vai g\u00e1y\n","created_at":"2025-06-04 19:35:09","has_prescription":0,"doctor_name":"user3","service_name":"Kh\u00e1m t\u1ed5ng qu\u00e1t","price":"500000.00","formatted_date":"04\/06\/2025"}
[12:40:51][request] Request: GET /controllers/appointment/appointment_actions.php?appointment_id=9
[12:40:51][request] GET params: {"appointment_id":"9"}
[12:40:51][request] Raw POST data: 
[12:40:51][info] Cấu trúc bảng appointments: {"id":"int","user_id":"int","service_id":"int","doctor_user_id":"int","patient_name":"varchar(100)","appointment_date":"datetime","status":"enum('pending','confirmed','completed','canceled')","note":"text","created_at":"timestamp","has_prescription":"tinyint(1)"}
[12:40:51][info] Xử lý yêu cầu lấy chi tiết lịch hẹn ID: 9
[12:40:51][info] SQL query: SELECT a.* , u.name as doctor_name , s.name as service_name, s.price  FROM appointments a  LEFT JOIN users u ON a.user_id = u.id  LEFT JOIN services s ON a.service_id = s.id  WHERE a.id = :appointment_id LIMIT 1
[12:40:51][info] Lấy dữ liệu lịch hẹn thành công: {"id":9,"user_id":21,"service_id":1,"doctor_user_id":5,"patient_name":"Nguy\u1ec5n Gia B\u1ea3o","appointment_date":"2025-06-04 12:12:25","status":"confirmed","note":"B\u00e1c s\u0129: Nguy\u1ec5n \u0110\u1ee9c Gia  (ID: 5)\nT\u00ean: Nguy\u1ec5n Gia B\u1ea3o\nGi\u1edbi t\u00ednh: Nam\n\u0110i\u1ec7n tho\u1ea1i: 0834571574\nEmail: user2@gmail.com\nN\u0103m sinh: 2004\n\u0110\u1ecba ch\u1ec9: U ghe street, Qu\u1eadn 1, TP. H\u1ed3 Ch\u00ed Minh\nL\u00fd do kh\u00e1m: \u0110au L\u01b0ng, \u0111au nh\u1ee9c c\u1ed5 vai g\u00e1y\n","created_at":"2025-06-04 19:12:25","has_prescription":0,"doctor_name":"user2","service_name":"Kh\u00e1m t\u1ed5ng qu\u00e1t","price":"500000.00","formatted_date":"04\/06\/2025"}
[12:41:57][request] Request: GET /controllers/appointment/appointment_actions.php?appointment_id=12
[12:41:57][request] GET params: {"appointment_id":"12"}
[12:41:57][request] Raw POST data: 
[12:41:57][info] Cấu trúc bảng appointments: {"id":"int","user_id":"int","service_id":"int","doctor_user_id":"int","patient_name":"varchar(100)","appointment_date":"datetime","status":"enum('pending','confirmed','completed','canceled')","note":"text","created_at":"timestamp","has_prescription":"tinyint(1)"}
[12:41:57][info] Xử lý yêu cầu lấy chi tiết lịch hẹn ID: 12
[12:41:57][info] SQL query: SELECT a.* , u.name as doctor_name , s.name as service_name, s.price  FROM appointments a  LEFT JOIN users u ON a.user_id = u.id  LEFT JOIN services s ON a.service_id = s.id  WHERE a.id = :appointment_id LIMIT 1
[12:41:57][info] Lấy dữ liệu lịch hẹn thành công: {"id":12,"user_id":22,"service_id":1,"doctor_user_id":5,"patient_name":"Nguy\u1ec5n Gia B\u1ea3o","appointment_date":"2025-06-04 12:41:27","status":"pending","note":"B\u00e1c s\u0129: Nguy\u1ec5n \u0110\u1ee9c Gia  (ID: 5)\nT\u00ean: Nguy\u1ec5n Gia B\u1ea3o\nGi\u1edbi t\u00ednh: Nam\n\u0110i\u1ec7n tho\u1ea1i: 0834571574\nEmail: user3@gmail.com\nN\u0103m sinh: 2004\n\u0110\u1ecba ch\u1ec9: U ghe street, Qu\u1eadn 7, TP. H\u1ed3 Ch\u00ed Minh\nL\u00fd do kh\u00e1m: \u0110au l\u01b0ng \u0111au nh\u1ee9c c\u1ed5 vai g\u00e1y\n","created_at":"2025-06-04 19:41:27","has_prescription":0,"doctor_name":"user3","service_name":"Kh\u00e1m t\u1ed5ng qu\u00e1t","price":"500000.00","formatted_date":"04\/06\/2025"}
[12:42:04][request] Request: GET /controllers/appointment/appointment_actions.php?appointment_id=12
[12:42:04][request] GET params: {"appointment_id":"12"}
[12:42:04][request] Raw POST data: 
[12:42:04][info] Cấu trúc bảng appointments: {"id":"int","user_id":"int","service_id":"int","doctor_user_id":"int","patient_name":"varchar(100)","appointment_date":"datetime","status":"enum('pending','confirmed','completed','canceled')","note":"text","created_at":"timestamp","has_prescription":"tinyint(1)"}
[12:42:04][info] Xử lý yêu cầu lấy chi tiết lịch hẹn ID: 12
[12:42:04][info] SQL query: SELECT a.* , u.name as doctor_name , s.name as service_name, s.price  FROM appointments a  LEFT JOIN users u ON a.user_id = u.id  LEFT JOIN services s ON a.service_id = s.id  WHERE a.id = :appointment_id LIMIT 1
[12:42:04][info] Lấy dữ liệu lịch hẹn thành công: {"id":12,"user_id":22,"service_id":1,"doctor_user_id":5,"patient_name":"Nguy\u1ec5n Gia B\u1ea3o","appointment_date":"2025-06-04 12:41:27","status":"confirmed","note":"B\u00e1c s\u0129: Nguy\u1ec5n \u0110\u1ee9c Gia  (ID: 5)\nT\u00ean: Nguy\u1ec5n Gia B\u1ea3o\nGi\u1edbi t\u00ednh: Nam\n\u0110i\u1ec7n tho\u1ea1i: 0834571574\nEmail: user3@gmail.com\nN\u0103m sinh: 2004\n\u0110\u1ecba ch\u1ec9: U ghe street, Qu\u1eadn 7, TP. H\u1ed3 Ch\u00ed Minh\nL\u00fd do kh\u00e1m: \u0110au l\u01b0ng \u0111au nh\u1ee9c c\u1ed5 vai g\u00e1y\n","created_at":"2025-06-04 19:41:27","has_prescription":0,"doctor_name":"user3","service_name":"Kh\u00e1m t\u1ed5ng qu\u00e1t","price":"500000.00","formatted_date":"04\/06\/2025"}
[12:42:23][request] Request: GET /controllers/appointment/appointment_actions.php?appointment_id=12
[12:42:23][request] GET params: {"appointment_id":"12"}
[12:42:23][request] Raw POST data: 
[12:42:23][info] Cấu trúc bảng appointments: {"id":"int","user_id":"int","service_id":"int","doctor_user_id":"int","patient_name":"varchar(100)","appointment_date":"datetime","status":"enum('pending','confirmed','completed','canceled')","note":"text","created_at":"timestamp","has_prescription":"tinyint(1)"}
[12:42:23][info] Xử lý yêu cầu lấy chi tiết lịch hẹn ID: 12
[12:42:23][info] SQL query: SELECT a.* , u.name as doctor_name , s.name as service_name, s.price  FROM appointments a  LEFT JOIN users u ON a.user_id = u.id  LEFT JOIN services s ON a.service_id = s.id  WHERE a.id = :appointment_id LIMIT 1
[12:42:23][info] Lấy dữ liệu lịch hẹn thành công: {"id":12,"user_id":22,"service_id":1,"doctor_user_id":5,"patient_name":"Nguy\u1ec5n Gia B\u1ea3o","appointment_date":"2025-06-04 12:41:27","status":"confirmed","note":"B\u00e1c s\u0129: Nguy\u1ec5n \u0110\u1ee9c Gia  (ID: 5)\nT\u00ean: Nguy\u1ec5n Gia B\u1ea3o\nGi\u1edbi t\u00ednh: Nam\n\u0110i\u1ec7n tho\u1ea1i: 0834571574\nEmail: user3@gmail.com\nN\u0103m sinh: 2004\n\u0110\u1ecba ch\u1ec9: U ghe street, Qu\u1eadn 7, TP. H\u1ed3 Ch\u00ed Minh\nL\u00fd do kh\u00e1m: \u0110au l\u01b0ng \u0111au nh\u1ee9c c\u1ed5 vai g\u00e1y\n","created_at":"2025-06-04 19:41:27","has_prescription":0,"doctor_name":"user3","service_name":"Kh\u00e1m t\u1ed5ng qu\u00e1t","price":"500000.00","formatted_date":"04\/06\/2025"}
[12:44:15][request] Request: GET /controllers/appointment/appointment_actions.php?appointment_id=13
[12:44:15][request] GET params: {"appointment_id":"13"}
[12:44:15][request] Raw POST data: 
[12:44:15][info] Cấu trúc bảng appointments: {"id":"int","user_id":"int","service_id":"int","doctor_user_id":"int","patient_name":"varchar(100)","appointment_date":"datetime","status":"enum('pending','confirmed','completed','canceled')","note":"text","created_at":"timestamp","has_prescription":"tinyint(1)"}
[12:44:15][info] Xử lý yêu cầu lấy chi tiết lịch hẹn ID: 13
[12:44:15][info] SQL query: SELECT a.* , u.name as doctor_name , s.name as service_name, s.price  FROM appointments a  LEFT JOIN users u ON a.user_id = u.id  LEFT JOIN services s ON a.service_id = s.id  WHERE a.id = :appointment_id LIMIT 1
[12:44:15][info] Lấy dữ liệu lịch hẹn thành công: {"id":13,"user_id":22,"service_id":1,"doctor_user_id":5,"patient_name":"Nguy\u1ec5n Gia B\u1ea3o","appointment_date":"2025-06-04 12:43:40","status":"pending","note":"B\u00e1c s\u0129: Nguy\u1ec5n \u0110\u1ee9c Gia  (ID: 5)\nT\u00ean: Nguy\u1ec5n Gia B\u1ea3o\nGi\u1edbi t\u00ednh: Nam\n\u0110i\u1ec7n tho\u1ea1i: 0834571574\nEmail: user3@gmail.com\nN\u0103m sinh: 2004\n\u0110\u1ecba ch\u1ec9: U ghe street, Qu\u1eadn 1, TP. H\u1ed3 Ch\u00ed Minh\nL\u00fd do kh\u00e1m: \u0110au nh\u1ee9c c\u1ed5 vai g\u00e1y\n","created_at":"2025-06-04 19:43:40","has_prescription":0,"doctor_name":"user3","service_name":"Kh\u00e1m t\u1ed5ng qu\u00e1t","price":"500000.00","formatted_date":"04\/06\/2025"}
[12:44:23][request] Request: GET /controllers/appointment/appointment_actions.php?appointment_id=13
[12:44:23][request] GET params: {"appointment_id":"13"}
[12:44:23][request] Raw POST data: 
[12:44:23][info] Cấu trúc bảng appointments: {"id":"int","user_id":"int","service_id":"int","doctor_user_id":"int","patient_name":"varchar(100)","appointment_date":"datetime","status":"enum('pending','confirmed','completed','canceled')","note":"text","created_at":"timestamp","has_prescription":"tinyint(1)"}
[12:44:23][info] Xử lý yêu cầu lấy chi tiết lịch hẹn ID: 13
[12:44:23][info] SQL query: SELECT a.* , u.name as doctor_name , s.name as service_name, s.price  FROM appointments a  LEFT JOIN users u ON a.user_id = u.id  LEFT JOIN services s ON a.service_id = s.id  WHERE a.id = :appointment_id LIMIT 1
[12:44:23][info] Lấy dữ liệu lịch hẹn thành công: {"id":13,"user_id":22,"service_id":1,"doctor_user_id":5,"patient_name":"Nguy\u1ec5n Gia B\u1ea3o","appointment_date":"2025-06-04 12:43:40","status":"confirmed","note":"B\u00e1c s\u0129: Nguy\u1ec5n \u0110\u1ee9c Gia  (ID: 5)\nT\u00ean: Nguy\u1ec5n Gia B\u1ea3o\nGi\u1edbi t\u00ednh: Nam\n\u0110i\u1ec7n tho\u1ea1i: 0834571574\nEmail: user3@gmail.com\nN\u0103m sinh: 2004\n\u0110\u1ecba ch\u1ec9: U ghe street, Qu\u1eadn 1, TP. H\u1ed3 Ch\u00ed Minh\nL\u00fd do kh\u00e1m: \u0110au nh\u1ee9c c\u1ed5 vai g\u00e1y\n","created_at":"2025-06-04 19:43:40","has_prescription":0,"doctor_name":"user3","service_name":"Kh\u00e1m t\u1ed5ng qu\u00e1t","price":"500000.00","formatted_date":"04\/06\/2025"}
[12:44:45][request] Request: GET /controllers/appointment/appointment_actions.php?appointment_id=13
[12:44:45][request] GET params: {"appointment_id":"13"}
[12:44:45][request] Raw POST data: 
[12:44:45][info] Cấu trúc bảng appointments: {"id":"int","user_id":"int","service_id":"int","doctor_user_id":"int","patient_name":"varchar(100)","appointment_date":"datetime","status":"enum('pending','confirmed','completed','canceled')","note":"text","created_at":"timestamp","has_prescription":"tinyint(1)"}
[12:44:45][info] Xử lý yêu cầu lấy chi tiết lịch hẹn ID: 13
[12:44:45][info] SQL query: SELECT a.* , u.name as doctor_name , s.name as service_name, s.price  FROM appointments a  LEFT JOIN users u ON a.user_id = u.id  LEFT JOIN services s ON a.service_id = s.id  WHERE a.id = :appointment_id LIMIT 1
[12:44:45][info] Lấy dữ liệu lịch hẹn thành công: {"id":13,"user_id":22,"service_id":1,"doctor_user_id":5,"patient_name":"Nguy\u1ec5n Gia B\u1ea3o","appointment_date":"2025-06-04 12:43:40","status":"completed","note":"B\u00e1c s\u0129: Nguy\u1ec5n \u0110\u1ee9c Gia  (ID: 5)\nT\u00ean: Nguy\u1ec5n Gia B\u1ea3o\nGi\u1edbi t\u00ednh: Nam\n\u0110i\u1ec7n tho\u1ea1i: 0834571574\nEmail: user3@gmail.com\nN\u0103m sinh: 2004\n\u0110\u1ecba ch\u1ec9: U ghe street, Qu\u1eadn 1, TP. H\u1ed3 Ch\u00ed Minh\nL\u00fd do kh\u00e1m: \u0110au nh\u1ee9c c\u1ed5 vai g\u00e1y\n","created_at":"2025-06-04 19:43:40","has_prescription":0,"doctor_name":"user3","service_name":"Kh\u00e1m t\u1ed5ng qu\u00e1t","price":"500000.00","formatted_date":"04\/06\/2025"}
[13:07:50][request] Request: GET /controllers/appointment/appointment_actions.php?appointment_id=14
[13:07:50][request] GET params: {"appointment_id":"14"}
[13:07:50][request] Raw POST data: 
[13:07:50][info] Cấu trúc bảng appointments: {"id":"int","user_id":"int","service_id":"int","doctor_user_id":"int","patient_name":"varchar(100)","appointment_date":"datetime","status":"enum('pending','confirmed','completed','canceled')","note":"text","created_at":"timestamp","has_prescription":"tinyint(1)"}
[13:07:50][info] Xử lý yêu cầu lấy chi tiết lịch hẹn ID: 14
[13:07:50][info] SQL query: SELECT a.* , u.name as doctor_name , s.name as service_name, s.price  FROM appointments a  LEFT JOIN users u ON a.user_id = u.id  LEFT JOIN services s ON a.service_id = s.id  WHERE a.id = :appointment_id LIMIT 1
[13:07:50][info] Lấy dữ liệu lịch hẹn thành công: {"id":14,"user_id":28,"service_id":1,"doctor_user_id":5,"patient_name":"Tr\u01b0\u01a1ng K\u1ef3 V\u1ef9","appointment_date":"2025-06-04 13:04:59","status":"pending","note":"B\u00e1c s\u0129: Nguy\u1ec5n \u0110\u1ee9c Gia  (ID: 5)\nT\u00ean: Tr\u01b0\u01a1ng K\u1ef3 V\u1ef9\nGi\u1edbi t\u00ednh: Nam\n\u0110i\u1ec7n tho\u1ea1i: 0834571574\nEmail: user4@gmai.com\nN\u0103m sinh: 2004\n\u0110\u1ecba ch\u1ec9: U ghe street, Qu\u1eadn 1, TP. H\u1ed3 Ch\u00ed Minh\nL\u00fd do kh\u00e1m: \u0110au nh\u1ee9c c\u1ed5 vai g\u00e1y\n","created_at":"2025-06-04 20:04:59","has_prescription":0,"doctor_name":"user4","service_name":"Kh\u00e1m t\u1ed5ng qu\u00e1t","price":"500000.00","formatted_date":"04\/06\/2025"}
[13:07:56][request] Request: GET /controllers/appointment/appointment_actions.php?appointment_id=14
[13:07:56][request] GET params: {"appointment_id":"14"}
[13:07:56][request] Raw POST data: 
[13:07:56][info] Cấu trúc bảng appointments: {"id":"int","user_id":"int","service_id":"int","doctor_user_id":"int","patient_name":"varchar(100)","appointment_date":"datetime","status":"enum('pending','confirmed','completed','canceled')","note":"text","created_at":"timestamp","has_prescription":"tinyint(1)"}
[13:07:56][info] Xử lý yêu cầu lấy chi tiết lịch hẹn ID: 14
[13:07:56][info] SQL query: SELECT a.* , u.name as doctor_name , s.name as service_name, s.price  FROM appointments a  LEFT JOIN users u ON a.user_id = u.id  LEFT JOIN services s ON a.service_id = s.id  WHERE a.id = :appointment_id LIMIT 1
[13:07:56][info] Lấy dữ liệu lịch hẹn thành công: {"id":14,"user_id":28,"service_id":1,"doctor_user_id":5,"patient_name":"Tr\u01b0\u01a1ng K\u1ef3 V\u1ef9","appointment_date":"2025-06-04 13:04:59","status":"confirmed","note":"B\u00e1c s\u0129: Nguy\u1ec5n \u0110\u1ee9c Gia  (ID: 5)\nT\u00ean: Tr\u01b0\u01a1ng K\u1ef3 V\u1ef9\nGi\u1edbi t\u00ednh: Nam\n\u0110i\u1ec7n tho\u1ea1i: 0834571574\nEmail: user4@gmai.com\nN\u0103m sinh: 2004\n\u0110\u1ecba ch\u1ec9: U ghe street, Qu\u1eadn 1, TP. H\u1ed3 Ch\u00ed Minh\nL\u00fd do kh\u00e1m: \u0110au nh\u1ee9c c\u1ed5 vai g\u00e1y\n","created_at":"2025-06-04 20:04:59","has_prescription":0,"doctor_name":"user4","service_name":"Kh\u00e1m t\u1ed5ng qu\u00e1t","price":"500000.00","formatted_date":"04\/06\/2025"}
